[INFO] Scanning for projects...
[INFO] 
[INFO] ---------------------< com.example:traphe-backend >---------------------
[INFO] Building  0.0.1-SNAPSHOT
[INFO]   from pom.xml
[INFO] --------------------------------[ jar ]---------------------------------
[INFO] 
[INFO] --- clean:3.5.0:clean (default-clean) @ traphe-backend ---
[INFO] Deleting D:\Work (or Stress)\JavaSubject\Project\TraPhe\traphe-backend\target
[INFO] 
[INFO] --- resources:3.3.1:resources (default-resources) @ traphe-backend ---
[INFO] Copying 1 resource from src\main\resources to target\classes
[INFO] Copying 0 resource from src\main\resources to target\classes
[INFO] 
[INFO] --- compiler:3.14.1:compile (default-compile) @ traphe-backend ---
[INFO] Recompiling the module because of changed source code.
[INFO] Compiling 24 source files with javac [debug parameters release 21] to target\classes
[INFO] /D:/Work (or Stress)/JavaSubject/Project/TraPhe/traphe-backend/src/main/java/com/example/traphe_backend/security/JwtAuthenticationFilter.java: Some input files use or override a deprecated API.
[INFO] /D:/Work (or Stress)/JavaSubject/Project/TraPhe/traphe-backend/src/main/java/com/example/traphe_backend/security/JwtAuthenticationFilter.java: Recompile with -Xlint:deprecation for details.
[INFO] -------------------------------------------------------------
[ERROR] COMPILATION ERROR : 
[INFO] -------------------------------------------------------------
[ERROR] /D:/Work (or Stress)/JavaSubject/Project/TraPhe/traphe-backend/src/main/java/com/example/traphe_backend/config/SecurityConfig.java:[47,50] constructor DaoAuthenticationProvider in class org.springframework.security.authentication.dao.DaoAuthenticationProvider cannot be applied to given types;
  required: org.springframework.security.core.userdetails.UserDetailsService
  found:    no arguments
  reason: actual and formal argument lists differ in length
[ERROR] /D:/Work (or Stress)/JavaSubject/Project/TraPhe/traphe-backend/src/main/java/com/example/traphe_backend/config/SecurityConfig.java:[48,21] cannot find symbol
  symbol:   method setUserDetailsService(org.springframework.security.core.userdetails.UserDetailsService)
  location: variable authProvider of type org.springframework.security.authentication.dao.DaoAuthenticationProvider
[ERROR] /D:/Work (or Stress)/JavaSubject/Project/TraPhe/traphe-backend/src/main/java/com/example/traphe_backend/service/AuthService.java:[52,17] cannot find symbol
  symbol:   method full_name(java.lang.String)
  location: class com.example.traphe_backend.entity.User.UserBuilder
[INFO] 3 errors 
[INFO] -------------------------------------------------------------
[INFO] ------------------------------------------------------------------------
[INFO] BUILD FAILURE
[INFO] ------------------------------------------------------------------------
[INFO] Total time:  7.157 s
[INFO] Finished at: 2026-04-04T14:15:53+07:00
[INFO] ------------------------------------------------------------------------
[ERROR] Failed to execute goal org.apache.maven.plugins:maven-compiler-plugin:3.14.1:compile (default-compile) on project traphe-backend: Compilation failure: Compilation failure: 
[ERROR] /D:/Work (or Stress)/JavaSubject/Project/TraPhe/traphe-backend/src/main/java/com/example/traphe_backend/config/SecurityConfig.java:[47,50] constructor DaoAuthenticationProvider in class org.springframework.security.authentication.dao.DaoAuthenticationProvider cannot be applied to given types;
[ERROR]   required: org.springframework.security.core.userdetails.UserDetailsService
[ERROR]   found:    no arguments
[ERROR]   reason: actual and formal argument lists differ in length
[ERROR] /D:/Work (or Stress)/JavaSubject/Project/TraPhe/traphe-backend/src/main/java/com/example/traphe_backend/config/SecurityConfig.java:[48,21] cannot find symbol
[ERROR]   symbol:   method setUserDetailsService(org.springframework.security.core.userdetails.UserDetailsService)
[ERROR]   location: variable authProvider of type org.springframework.security.authentication.dao.DaoAuthenticationProvider
[ERROR] /D:/Work (or Stress)/JavaSubject/Project/TraPhe/traphe-backend/src/main/java/com/example/traphe_backend/service/AuthService.java:[52,17] cannot find symbol
[ERROR]   symbol:   method full_name(java.lang.String)
[ERROR]   location: class com.example.traphe_backend.entity.User.UserBuilder
[ERROR] -> [Help 1]
[ERROR] 
[ERROR] To see the full stack trace of the errors, re-run Maven with the -e switch.
[ERROR] Re-run Maven using the -X switch to enable full debug logging.
[ERROR] 
[ERROR] For more information about the errors and possible solutions, please read the following articles:
[ERROR] [Help 1] http://cwiki.apache.org/confluence/display/MAVEN/MojoFailureException
